src/components/home/About.tsx(169,14): error TS2322: Type '{ children: Element[]; className: string; style: { background: string; backdropFilter: "blur(16px)"; WebkitBackdropFilter: "blur(16px)"; padding: string; border: string; overflow: "hidden"; position: "relative"; }; animate: { ...; }; transition: { ...; }; onHoverStart: () => void; onHoverEnd: () => void; }' is not assignable to type 'Omit<HTMLMotionProps<"div">, "ref">'.
  Types of property 'transition' are incompatible.
    Type '{ duration: number; ease: number[]; }' is not assignable to type 'Transition<any> | undefined'.
      Type '{ duration: number; ease: number[]; }' is not assignable to type 'TransitionWithValueOverrides<any>'.
        Type '{ duration: number; ease: number[]; }' is not assignable to type 'ValueAnimationTransition<any>'.
          Types of property 'ease' are incompatible.
            Type 'number[]' is not assignable to type 'Easing | Easing[] | undefined'.
              Type 'number[]' is not assignable to type 'EasingFunction | Easing[]'.
                Type 'number[]' is not assignable to type 'Easing[]'.
                  Type 'number' is not assignable to type 'Easing'.
src/components/home/About.tsx(280,14): error TS2322: Type '{ children: Element[]; className: string; style: { position: "relative"; overflow: "hidden"; border: string; minHeight: string; }; animate: { y: number; boxShadow: string; }; transition: { duration: number; ease: number[]; }; onHoverStart: () => void; onHoverEnd: () => void; }' is not assignable to type 'Omit<HTMLMotionProps<"div">, "ref">'.
  Types of property 'transition' are incompatible.
    Type '{ duration: number; ease: number[]; }' is not assignable to type 'Transition<any> | undefined'.
      Type '{ duration: number; ease: number[]; }' is not assignable to type 'TransitionWithValueOverrides<any>'.
        Type '{ duration: number; ease: number[]; }' is not assignable to type 'ValueAnimationTransition<any>'.
          Types of property 'ease' are incompatible.
            Type 'number[]' is not assignable to type 'Easing | Easing[] | undefined'.
              Type 'number[]' is not assignable to type 'EasingFunction | Easing[]'.
                Type 'number[]' is not assignable to type 'Easing[]'.
                  Type 'number' is not assignable to type 'Easing'.
src/components/home/About.tsx(447,14): error TS2322: Type '{ children: Element[]; className: string; style: { background: string; backdropFilter: "blur(16px)"; WebkitBackdropFilter: "blur(16px)"; padding: string; border: string; overflow: "hidden"; position: "relative"; }; animate: { ...; }; transition: { ...; }; onHoverStart: () => void; onHoverEnd: () => void; }' is not assignable to type 'Omit<HTMLMotionProps<"div">, "ref">'.
  Types of property 'transition' are incompatible.
    Type '{ duration: number; ease: number[]; }' is not assignable to type 'Transition<any> | undefined'.
      Type '{ duration: number; ease: number[]; }' is not assignable to type 'TransitionWithValueOverrides<any>'.
        Type '{ duration: number; ease: number[]; }' is not assignable to type 'ValueAnimationTransition<any>'.
          Types of property 'ease' are incompatible.
            Type 'number[]' is not assignable to type 'Easing | Easing[] | undefined'.
              Type 'number[]' is not assignable to type 'EasingFunction | Easing[]'.
                Type 'number[]' is not assignable to type 'Easing[]'.
                  Type 'number' is not assignable to type 'Easing'.
