src/components/FloatingLinesLayer.tsx(48,11): error TS2769: No overload matches this call.
  Overload 1 of 2, '(props: FloatingLinesProps, context?: any): string | number | bigint | boolean | ReactElement<unknown, string | JSXElementConstructor<any>> | ... 4 more ... | undefined', gave the following error.
    Type '{ enabledWaves: ("bottom" | "top" | "middle")[]; lineCount: number; lineDistance: number; bendRadius: number; bendStrength: number; interactive: false; parallax: true; backgroundColor: string; linesGradient: string[]; opacity: number; }' is not assignable to type 'IntrinsicAttributes & FloatingLinesProps'.
      Property 'opacity' does not exist on type 'IntrinsicAttributes & FloatingLinesProps'.
  Overload 2 of 2, '(props: FloatingLinesProps): string | number | bigint | boolean | ReactElement<unknown, string | JSXElementConstructor<any>> | ... 4 more ... | undefined', gave the following error.
    Type '{ enabledWaves: ("bottom" | "top" | "middle")[]; lineCount: number; lineDistance: number; bendRadius: number; bendStrength: number; interactive: false; parallax: true; backgroundColor: string; linesGradient: string[]; opacity: number; }' is not assignable to type 'IntrinsicAttributes & FloatingLinesProps'.
      Property 'opacity' does not exist on type 'IntrinsicAttributes & FloatingLinesProps'.
src/components/home/About.tsx(76,15): error TS2304: Cannot find name 'useRef'.
src/components/home/About.tsx(112,31): error TS2304: Cannot find name 'useState'.
src/components/home/About.tsx(113,33): error TS2304: Cannot find name 'useState'.
src/components/home/About.tsx(118,22): error TS2304: Cannot find name 'useRef'.
src/components/home/About.tsx(119,24): error TS2304: Cannot find name 'useRef'.
